// Jest Snapshot v1, https://goo.gl/fbAQLP

exports[`renders correctly 1`] = `
<div>
  <div>
    <div>
      <div>
        Find your movie
      </div>
      <div>
        <input
          onKeyDown={[Function]}
          type="text"
        />
      </div>
      <div>
        <div
          className="inline"
        >
          Search by
          <div
            className="inline"
          >
            <button
              className="filter-button-selected"
              onClick={[Function]}
            >
              Title
            </button>
          </div>
          <div
            className="inline"
          >
            <button
              className="filter-button-deselected"
              onClick={[Function]}
            >
              Genre
            </button>
          </div>
        </div>
        <button
          id="search"
          onClick={[Function]}
        >
          Search
        </button>
      </div>
    </div>
  </div>
  <div>
    <div>
      <div>
        <div>
          No films found
        </div>
      </div>
    </div>
  </div>
</div>
`;
